// Jest Snapshot v1, https://goo.gl/fbAQLP

exports[`App should render correctly 1`] = `
.c0 {
  position: absolute;
  top: 0;
  left: 0;
  right: 0;
  bottom: 0;
  z-index: 10;
  background: #0A1128;
}

.c0::before,
.c0::after {
  content: '';
  position: absolute;
  top: 50%;
  left: 50%;
  -webkit-transform: translate(-50%,-50%);
  -ms-transform: translate(-50%,-50%);
  transform: translate(-50%,-50%);
  border-width: .5rem;
  border-color: transparent;
  border-style: solid;
  border-radius: 50%;
}

.c0::after {
  width: 6rem;
  height: 6rem;
  border-left: .5rem solid #dc143c;
  border-top: .5rem solid #dc143c;
  -webkit-animation: hOOCWl .6s linear infinite;
  animation: hOOCWl .6s linear infinite;
}

.c0::before {
  width: 2rem;
  height: 2rem;
  border-left: .5rem solid #dc143c;
  border-top: .5rem solid #dc143c;
  -webkit-animation: hOOCWl 1s linear infinite reverse;
  animation: hOOCWl 1s linear infinite reverse;
}

<div>
  <div
    class="c0"
  />
</div>
`;
